		Usage: ./distributeFiles.sh <zipfile> [OPTION] (use option -h for help)
