		Usage: ./getFDAUpdate.sh [OPTION] (use option -h for help)
