settings check:
	SETTINGS: settings.txt
	CURRENTLATEST: FoodData_Central_branded_food_csv_2020-04-29.zip,202005010424,74439754
	LASTLATEST: FoodData_Central_branded_food_csv_2020-04-29.zip,202005010424,74439754
	SERVER_POPULATED: false
	FDC_DIR_ADDRESS: https://fdc.nal.usda.gov/fdc-datasets
	TMPDIR: ../temp/
	TMPFILE_END: .tmp
	TMPLINKSFILE: ../temp/links.tmp
	TMPFILELIST: ../temp/available_data.tmp
	LASTUPLOAD: ../data/FDA/branded_food_0110.json
	USAGE:
		Usage: ./getFDAUpdate.sh [OPTION] (use option -h for help)
	HELP:
		Usage: ./getFDAUpdate.sh [OPTION] (use option -h for help)
		**If no OPTION supplied, debug mode on (temp files remain)
			-b: bypass debug mode, download only if new
			-f: force download
			-s: output settings only
			-h: print help
