settings check:
	SETTINGS: /home/jtwedt/projSE308/SE308-winter2020-environmental-app/Backend/tests/settings.txt
	SERVER_POPULATED: 
	USAGE:
		Usage: ./populateDB.sh [OPTION] (use option -h for help)
	HELP:
		This script will download the latest FDA database
		and adjust the settings so that updates are stored,
		then applied after the databse is fully populated.
		Usage: ./populateDB.sh [OPTION] (use option -h for help)
			-s: output settings only
			-h: print help
